[www.1288bets10.com/tr.html]
[www.1288bets10.com/assets/favicons/browserconfig.xml]
[backblue.gif]
[fade.gif]
[index.html]
[www.1288bets10.com/assets/bets10.theme.e9593d8a9cd20cf9354606297f9d3b7c.css]
[www.1288bets10.com/assets/manifest.json]
[www.1288bets10.com/assets/favicons/apple-touch-icon.png]
[www.1288bets10.com/assets/favicons/favicon.ico]
[cdnroute.bpsgameserver.com/nodestatic/obg/mfe-fed/app-gaming/5f6e6f9c/app-gaming/app-gaming.esm.js]
[cdnroute.bpsgameserver.com/nodestatic/obg/mfe-fed/app-site/a779e33e/app-site/app-site.esm.js]
[cdnroute.bpsgameserver.com/nodestatic/obg/mfe-fed/app-customer/5ec2718e/app-customer/app-customer.esm.js]
[cdnroute.bpsgameserver.com/nodestatic/obg/mfe-fed/app-horse-racing/index-881a09b6.esm.js]
[cdnroute.bpsgameserver.com/nodestatic/obg/mfe-fed/app-offers/5ec2718e/app-offers/app-offers.esm.js]
[cdnroute.bpsgameserver.com/nodestatic/obg/mfe-fed/lib-websson-design-system/5ec2718e/lib-websson-design-system/lib-websson-design-system.esm.js]
[cdnroute.bpsgameserver.com/nodestatic/obg/mfe-fed/lib-fabric-icons/6a5afdc2/lib-fabric-icons/lib-fabric-icons.esm.js]
[cdnroute.bpsgameserver.com/nodestatic/obg/mfe-fed/app-account/7c84debd/app-account/app-account.esm.js]
[cdnroute.bpsgameserver.com/nodestatic/obg/mfe-fed/svc-telemetry/5bc55000/svc-telemetry/svc-telemetry.esm.js]
[cdnroute.bpsgameserver.com/nodestatic/obg/mfe-fed/app-wallet/87754042/app-wallet/app-wallet.esm.js]
[cdnroute.bpsgameserver.com/nodestatic/obg/mfe-fed/svc-platform/c39eb30e/svc-platform/svc-platform.esm.js]
[cdnroute.bpsgameserver.com/nodestatic/obg/mfe-fed/svc-content/5ec2718e/svc-content/svc-content.esm.js]
[cdnroute.bpsgameserver.com/nodestatic/obg/mfe-fed/svc-config/5ec2718e/svc-config/svc-config.esm.js]
[cdnroute.bpsgameserver.com/nodestatic/obg/mfe-fed/svc-request/3226f4d2/svc-request/svc-request.esm.js]
[cdnroute.bpsgameserver.com/nodestatic/obg/mfe-fed/lib-fabric-design-system/5ec2718e/lib-fabric-design-system/lib-fabric-design-system.esm.js]
[cdnroute.bpsgameserver.com/global-assets/themes/bets10/designsystem.css]
[cdnroute.bpsgameserver.com/global-assets/fonts/fontfaces.css]
[browser-update.org/update.min.js]
[www.1288bets10.com/en.html]
[www.1288bets10.com/tr/giris.html]
[www.1288bets10.com/tr/hesap-ace26c.html]
[www.1288bets10.com/tr/spor-bahisleri.html]
[www.1288bets10.com/tr/virtual-sports/tum-sanal-spor-bahisleri/sanal-super-lig.html]
[www.1288bets10.com/tr/casino.html]
[www.1288bets10.com/tr/canli-casino.html]
[www.1288bets10.com/tr/jackpotlar.html]
[www.1288bets10.com/tr/turk-pokeri.html]
[www.1288bets10.com/tr/pokeri.html]
[cdnroute.bpsgameserver.com/v3/bgr/Bets10/Common/neutral/image/2024/10/1a66c987ba6142998677b03823aa7dc1.png]
[cdnroute.bpsgameserver.com/v3/bgr/Bets10/Common/neutral/image/2021/02/75135bfea3924159a57cf44cd5739e64.png]
[cdnroute.bpsgameserver.com/v3/bgr/Bets10/Common/neutral/image/2024/10/a23ab4e811764f62b777939e1b93b4fe.png]
[cdnroute.bpsgameserver.com/v3/bgr/Bets10/Common/neutral/image/2024/10/8f60422b9c6e4cd69f58f66344e07a52.png]
[cdnroute.bpsgameserver.com/v3/bgr/Bets10/Common/neutral/image/2022/11/224d40d09dc24b40bc1d2eb87e07882c.png]
[www.1288bets10.com/tr/casino/one-cikanlar/bets10-bonanza.html]
[cdnroute.bpsgameserver.com/v3/bgr/Bets10/Common/tr/image/2023/08/7341a7d37b5748bf992c97a40047b11f.jpg]
[www.1288bets10.com/tr/casino/slotlar/gates-of-bets10.html]
[cdnroute.bpsgameserver.com/v3/bgr/Bets10/Common/tr/image/2024/10/9d7ea008ba374dea96db8326cb946ca0.jpg]
[www.1288bets10.com/tr/casino/slotlar/bets10-bon-bon.html]
[cdnroute.bpsgameserver.com/v3/bgr/Bets10/Common/tr/image/2023/08/ffa766eb626544be9ed6628fcd29c1a7.jpg]
[www.1288bets10.com/tr/casino/slotlar/bets10-seyyar.html]
[cdnroute.bpsgameserver.com/v3/bgr/Bets10/Common/tr/image/2023/08/818a3dfb123c4466aadba9528332f4d5.jpg]
[www.1288bets10.com/tr/casino/one-cikanlar/big-bass-bonanza.html]
[cdnroute.bpsgameserver.com/v3/bgr/Bets10/Common/tr/image/2023/08/2797637cfaba439a881050f61725c80f.jpg]
[www.1288bets10.com/tr/casino/hemen-kazan/aviator.html]
[cdnroute.bpsgameserver.com/v3/bgr/Bets10/Common/tr/image/2023/08/e773787ec7ef4ec889aa09da8379c3f4.jpg]
[www.1288bets10.com/tr/canli-casino/canli-rulet.html]
[cdnroute.bpsgameserver.com/v3/bgr/Bets10/Common/tr/image/2023/08/d5ca4a5bf0e446c6831a3715810e4c4b.jpg]
[www.1288bets10.com/tr/canli-casino/canli-rulet/salon-bets-10-lobby.html]
[cdnroute.bpsgameserver.com/v3/bgr/Bets10/Common/tr/image/2023/08/825b3bb89e694dd2a49d1cf2192486e5.jpg]
[www.1288bets10.com/tr/canli-casino/diger-canli-casino-oyunlari.html]
[cdnroute.bpsgameserver.com/v3/bgr/Bets10/Common/tr/image/2023/08/ee57e4e28525420a85a47eb6ff35772e.jpg]
[www.1288bets10.com/tr/canli-casino/canli-bakara.html]
[cdnroute.bpsgameserver.com/v3/bgr/Bets10/Common/tr/image/2023/08/d35c72a54b4c4cef8a13f542feb593e5.jpg]
[www.1288bets10.com/tr/sartlar-kosullar.html]
[cdnroute.bpsgameserver.com/v3/bgr/Bets10/Common/neutral/image/2022/11/68401f381f744d65adc05c94ac6146c9.png]
[cdnroute.bpsgameserver.com/v3/bgr/Bets10/Common/neutral/image/2021/02/b90148da7698432fabf0e1daca98fe7e.png]
[cdnroute.bpsgameserver.com/v3/bgr/Bets10/Common/neutral/image/2022/11/4d69f819a7b146d4bf3592aca5641709.png]
[cdnroute.bpsgameserver.com/v3/bgr/Bets10/Common/neutral/image/2022/11/01c11fc016d64dd0ba65a01286552c46.png]
[cdnroute.bpsgameserver.com/v3/bgr/Bets10/Common/neutral/image/2022/11/4f92c2d156a44b319e54202a16783218.png]
[cdnroute.bpsgameserver.com/v3/bgr/Bets10/Common/neutral/image/2024/08/b2d874a1838f4e46b90040e79fa570c2.png]
[www.1288bets10.com/tr/oyun-kurallari/spor-bahisleri.html]
[www.1288bets10.com/tr/casino/slotlar.html]
[www.1288bets10.com/tr/casino/masa-oyunlari.html]
[www.1288bets10.com/tr/oyun-kurallari/casino.html]
[www.1288bets10.com/tr/canli-casino/canli-blackjack.html]
[www.1288bets10.com/tr/canli-casino/canli-poker.html]
[www.1288bets10.com/tr/pokeri/twister-turnuvalari.html]
[www.1288bets10.com/tr/oyun-kurallari/poker.html]
[www.1288bets10.com/tr/spor-bahisleri/futbol.html]
[www.1288bets10.com/tr/spor-bahisleri/basketbol.html]
[www.1288bets10.com/tr/spor-bahisleri/tenis.html]
[www.1288bets10.com/tr/gizlilik-sozlesmesi.html]
[www.1288bets10.com/tr/cerez-politikasi.html]
[www.1288bets10.com/tr/sorumlu-oyun/information.html]
[www.1288bets10.com/tr/oyun-kurallari.html]
[www.1288bets10.com/tr/cerez-ayarlari.html]
[www.1288bets10.com/assets/runtime.3ebeb24f72fe0912.js]
[www.1288bets10.com/assets/vendor.7f76c01dde437220.js]
[www.1288bets10.com/tr.html]
[www.1288bets10.com/assets/main.5921d6138ac3345f.js]
[www.1288bets10.com/assets/bets10/obg-bets10-icons-0e79c8c8e3a7f5f60398b3d993020ded068d5d80eefa.woff2]
[www.1288bets10.com/assets/bets10/obg-bets10-icons-0e79c8c8e3a7f5f60398b3d993020ded068d5d80eefa.woff]
[www.1288bets10.com/assets/bets10/obg-bets10-icons-0e79c8c8e3a7f5f60398b3d993020ded068d5d80eefa.ttf]
[www.1288bets10.com/assets/bets10.theme.e9593d8a9cd20cf9354606297f9d3b7c.css]
[cdnroute.bpsgameserver.com/global-assets/themes/bets10/designsystem.css]
[cdnroute.bpsgameserver.com/global-assets/fonts/Geogrotesque-Bold.woff2]
[cdnroute.bpsgameserver.com/global-assets/fonts/IBMPlexSans-SemiBold.woff2]
[cdnroute.bpsgameserver.com/global-assets/fonts/MediatorNarrow-Regular.woff2]
[cdnroute.bpsgameserver.com/global-assets/fonts/roboto-regular.woff2]
[cdnroute.bpsgameserver.com/global-assets/fonts/roboto-medium.woff2]
[cdnroute.bpsgameserver.com/global-assets/fonts/Roboto-Bold.woff2]
[cdnroute.bpsgameserver.com/global-assets/fonts/opensans-regular.woff2]
[cdnroute.bpsgameserver.com/global-assets/fonts/opensans-semibold.woff2]
[cdnroute.bpsgameserver.com/global-assets/fonts/opensans-bold.woff2]
[cdnroute.bpsgameserver.com/global-assets/fonts/outfit-regular.woff2]
[cdnroute.bpsgameserver.com/global-assets/fonts/outfit-bold.woff2]
[cdnroute.bpsgameserver.com/global-assets/fonts/museosans-300.woff2]
[cdnroute.bpsgameserver.com/global-assets/fonts/museosans-500.woff2]
[cdnroute.bpsgameserver.com/global-assets/fonts/museosans-700.woff2]
[cdnroute.bpsgameserver.com/global-assets/fonts/proximanova-regular.woff2]
[cdnroute.bpsgameserver.com/global-assets/fonts/proximanova-semibold.woff2]
[cdnroute.bpsgameserver.com/global-assets/fonts/proximanova-bold.woff2]
[cdnroute.bpsgameserver.com/global-assets/fonts/proximanova-black.woff2]
[cdnroute.bpsgameserver.com/global-assets/fonts/notoserif-regular-webfont.woff2]
[cdnroute.bpsgameserver.com/global-assets/fonts/notoserif-bold-webfont.woff2]
[cdnroute.bpsgameserver.com/global-assets/fonts/Relay-Regular.woff2]
[cdnroute.bpsgameserver.com/global-assets/fonts/Relay-Medium.woff2]
[cdnroute.bpsgameserver.com/global-assets/fonts/Relay-Bold.woff2]
[cdnroute.bpsgameserver.com/global-assets/fonts/CooperBlack.woff2]
[cdnroute.bpsgameserver.com/global-assets/fonts/Montserrat-Regular.woff2]
[cdnroute.bpsgameserver.com/global-assets/fonts/Montserrat-Bold.woff2]
[cdnroute.bpsgameserver.com/global-assets/fonts/poppins-regular.woff2]
[cdnroute.bpsgameserver.com/global-assets/fonts/funkis-regular.woff2]
[cdnroute.bpsgameserver.com/global-assets/fonts/funkis-bold.woff2]
[cdnroute.bpsgameserver.com/global-assets/fonts/muli-regular.woff2]
[cdnroute.bpsgameserver.com/global-assets/fonts/muli-bold.woff2]
[cdnroute.bpsgameserver.com/global-assets/fonts/neutraface-condensed-bold.woff2]
[cdnroute.bpsgameserver.com/global-assets/fonts/Lato-Regular.woff2]
[cdnroute.bpsgameserver.com/global-assets/fonts/Lato-Bold.woff2]
[cdnroute.bpsgameserver.com/global-assets/fonts/Fredoka-Bold.woff2]
[cdnroute.bpsgameserver.com/global-assets/fonts/fontfaces.css]
[www.googletagmanager.com/gtm5445.html]
[www.1288bets10.com/en/login.html]
[www.1288bets10.com/en/open-accounte26c.html]
[www.1288bets10.com/en/sportsbook.html]
[www.1288bets10.com/en/sportsbook/live/football.html]
[www.1288bets10.com/en/virtual-sports/all-virtual-sports-games/virtual-super-league.html]
[www.1288bets10.com/en/live-casino.html]
[www.1288bets10.com/en/casino.html]
[www.1288bets10.com/en/jackpots.html]
[www.1288bets10.com/en/poker.html]
[www.1288bets10.com/en/casino/spotlight/bets10-bonanza.html]
[cdnroute.bpsgameserver.com/v3/bgr/Bets10/Common/neutral/image/2023/08/9410771909ec45439a7b67b712c9aa2b.jpg]
[www.1288bets10.com/en/casino/slots/gates-of-bets10.html]
[cdnroute.bpsgameserver.com/v3/bgr/Bets10/Common/neutral/image/2024/10/a0c4a16364404c3d94fdd25e687f6d28.jpg]
[www.1288bets10.com/en/casino/slots/bets10-bon-bon.html]
[cdnroute.bpsgameserver.com/v3/bgr/Bets10/Common/neutral/image/2023/08/350553c9afd940a0bfaa039c1822857b.jpg]
[www.1288bets10.com/en/casino/slots/bets10-seyyar.html]
[cdnroute.bpsgameserver.com/v3/bgr/Bets10/Common/neutral/image/2023/08/1103982ad1f84b5ab952751194dd17bf.jpg]
[www.1288bets10.com/en/casino/spotlight/big-bass-bonanza.html]
[cdnroute.bpsgameserver.com/v3/bgr/Bets10/Common/neutral/image/2023/08/b58ac712e4314d478dae916bc4ea682f.jpg]
[www.1288bets10.com/en/casino/slots/aviator.html]
[cdnroute.bpsgameserver.com/v3/bgr/Bets10/Common/neutral/image/2023/08/f32c1faca7f0447988bc42ecca9182ce.jpg]
[www.1288bets10.com/en/live-casino/live-roulette.html]
[cdnroute.bpsgameserver.com/v3/bgr/Bets10/Common/neutral/image/2023/08/05525989f5244ea080ae2f348a5eff08.jpg]
[www.1288bets10.com/en/live-casino/live-roulette/salon-bets-10-lobby.html]
[cdnroute.bpsgameserver.com/v3/bgr/Bets10/Common/neutral/image/2023/08/6cb4b735c0f34a55a9fa2706f6982040.jpg]
[www.1288bets10.com/en/live-casino/live-games.html]
[cdnroute.bpsgameserver.com/v3/bgr/Bets10/Common/neutral/image/2023/08/9f608b50d6ed4db1ba32be821043eeac.jpg]
[www.1288bets10.com/en/live-casino/live-baccarat.html]
[cdnroute.bpsgameserver.com/v3/bgr/Bets10/Common/neutral/image/2023/08/0099ad48203b450190fd15bc3364f382.jpg]
[www.1288bets10.com/en/terms-and-conditions.html]
[www.1288bets10.com/en/game-rules/sportsbook.html]
[www.1288bets10.com/en/casino/slots.html]
[www.1288bets10.com/en/casino/table-games.html]
[www.1288bets10.com/en/game-rules/casino.html]
[www.1288bets10.com/en/live-casino/live-blackjack.html]
[www.1288bets10.com/en/live-casino/live-poker.html]
[www.1288bets10.com/en/poker/tournaments-twister.html]
[www.1288bets10.com/en/game-rules/poker.html]
[www.1288bets10.com/en/sportsbook/football.html]
[www.1288bets10.com/en/sportsbook/basketball.html]
[www.1288bets10.com/en/sportsbook/tennis.html]
[www.1288bets10.com/en/privacy-policy.html]
[www.1288bets10.com/en/cookie-policy.html]
[www.1288bets10.com/en/responsible-gaming/information.html]
[www.1288bets10.com/en/game-rules.html]
[www.1288bets10.com/en.html]
[www.1288bets10.com/en/cookie-settings.html]
[www.1288bets10.com/tr/index.html]
[www.1288bets10.com/tr456e.html]
[www.1288bets10.com/tr/giris.html]
[www.1288bets10.com/en456e.html]
[cdnroute.bpsgameserver.com/v3/bgr/Bets10/Common/tr/image/2024/10/75300cd05ca8423db661f0edddac7521.jpg]
[cdnroute.bpsgameserver.com/v3/bgr/Bets10/Common/tr/image/2023/12/206082b868bb4b0d85c3063833863ef6.jpg]
[cdnroute.bpsgameserver.com/v3/bgr/Bets10/Common/tr/image/2023/12/35451aa3c7144ad9a73e5940ff1ffefc.jpg]
[cdnroute.bpsgameserver.com/v3/bgr/Bets10/Common/tr/image/2023/12/958caba303d2473abac3bac5a027351d.jpg]
[www.1288bets10.com/tr/hesap-ace26c.html]
[www.1288bets10.com/tr/spor-bahisleri/yakinda-baslayacak.html]
[www.1288bets10.com/tr/kampanyalar/bets10-milyon.html]
[www.1288bets10.com/tr/spor-bahisleri/ekstra-oran.html]
[www.1288bets10.com/tr/kampanyalar/liderlik-tablolari.html]
[www.1288bets10.com/tr/spor-bahisleri/ayarlar.html]
[www.1288bets10.com/tr/spor-bahisleri/futbol/sampiyonlar-ligi/sampiyonlar-ligi.html]
[www.1288bets10.com/tr/spor-bahisleri/futbol/uefa-avrupa-ligi/avrupa-ligi.html]
[www.1288bets10.com/tr/spor-bahisleri/masa-tenisi.html]
[www.1288bets10.com/tr/spor-bahisleri/voleybol.html]
[www.1288bets10.com/tr/spor-bahisleri/buz-hokeyi.html]
[www.1288bets10.com/tr/spor-bahisleri/amerikan-futbolu.html]
[www.1288bets10.com/tr/spor-bahisleri/avustralya-futbol/avustralya/afl-womens.html]
[www.1288bets10.com/tr/spor-bahisleri/bandy/isvec/elitserien.html]
[www.1288bets10.com/tr/spor-bahisleri/beyzbol.html]
[www.1288bets10.com/tr/spor-bahisleri/bisiklet/uluslararasi/fransa-bisiklet-turu.html]
[www.1288bets10.com/tr/spor-bahisleri/boks/uluslararasi.html]
[www.1288bets10.com/tr/spor-bahisleri/dart/uluslararasi.html]
[www.1288bets10.com/tr/spor-bahisleri/dovus-sporlari/uluslararasi.html]
[www.1288bets10.com/tr/spor-bahisleri/esports.html]
[www.1288bets10.com/tr/spor-bahisleri/formula-1.html]
[www.1288bets10.com/tr/spor-bahisleri/futsal.html]
[www.1288bets10.com/tr/spor-bahisleri/gal-sporlari/irlanda.html]
[www.1288bets10.com/tr/spor-bahisleri/golf.html]
[www.1288bets10.com/tr/spor-bahisleri/hentbol.html]
[www.1288bets10.com/tr/spor-bahisleri/kis-sporlari.html]
[www.1288bets10.com/tr/spor-bahisleri/kriket.html]
[www.1288bets10.com/tr/spor-bahisleri/lakros/kuzey-amerika/nll.html]
[www.1288bets10.com/tr/spor-bahisleri/motor-sporlari/nascar.html]
[www.1288bets10.com/tr/spor-bahisleri/motosiklet-yarislari/moto-gp/world-championship.html]
[www.1288bets10.com/tr/spor-bahisleri/padel/uluslararasi.html]
[www.1288bets10.com/tr/spor-bahisleri/politika/usa/amerika-baskanlik-secimleri.html]
[www.1288bets10.com/tr/spor-bahisleri/rugby-birligi.html]
[www.1288bets10.com/tr/spor-bahisleri/rugby-ligi.html]
[www.1288bets10.com/tr/spor-bahisleri/salon-hokeyi.html]
[www.1288bets10.com/tr/spor-bahisleri/satranc/uluslararasi.html]
[www.1288bets10.com/tr/spor-bahisleri/sinema/usa/akademi-odulleri.html]
[www.1288bets10.com/tr/spor-bahisleri/snooker/uluslararasi.html]
[www.1288bets10.com/tr/spor-bahisleri/speedway/uluslararasi/dunya-sampiyonasi.html]
[www.1288bets10.com/tr/spor-bahisleri/squash.html]
[www.1288bets10.com/tr/spor-bahisleri/su-topu.html]
[www.1288bets10.com/tr/spor-bahisleri/canli-bahis/futbol.html]
[cdnroute.bpsgameserver.com/v3/bgr/Bets10/Sportsbook/tr/image/2024/10/3f8cd22b33fd48199776014a5b2958cf.jpg]
[cdnroute.bpsgameserver.com/v3/bgr/Bets10/Sportsbook/tr/image/2024/10/5c860cbbb596451a8bc5249ffea57a31.jpg]
[cdnroute.bpsgameserver.com/v3/bgr/Bets10/Sportsbook/tr/image/2024/10/1476415af75e45f389fadd36eeaf89f5.jpg]
[cdnroute.bpsgameserver.com/v3/bgr/Bets10/Sportsbook/tr/image/2024/10/7820e7865a404c08aae5b3fde9237d43.jpg]
[cdnroute.bpsgameserver.com/v3/bgr/Bets10/Sportsbook/tr/image/2024/08/fd76df94405f42c483fd0ca0258099a3.jpg]
[cdnroute.bpsgameserver.com/v3/bgr/Bets10/Sportsbook/tr/image/2024/09/3c10f5cf626e43b5b67cd3eaa74e7ad8.jpg]
[cdnroute.bpsgameserver.com/v3/bgr/Bets10/Sportsbook/tr/image/2024/08/0d1b32defa1b4048b867acc177dbfcd9.jpg]
[cdnroute.bpsgameserver.com/v3/bgr/Bets10/Sportsbook/tr/image/2024/09/c261aa32272e49b1808a1bd95b147389.jpg]
[www.1288bets10.com/tr/spor-bahisleri/canli-bahis/basketbol.html]
[www.1288bets10.com/tr/spor-bahisleri/canli-bahis/masa-tenisi.html]
[www.1288bets10.com/tr/spor-bahisleri/canli-bahis/tenis.html]
[www.1288bets10.com/tr/spor-bahisleri/canli-bahis/voleybol.html]
[www.1288bets10.com/tr/spor-bahisleri/canli-bahis/buz-hokeyi.html]
[www.1288bets10.com/tr/spor-bahisleri/canli-bahis/esports.html]
[www.1288bets10.com/tr/spor-bahisleri/canli-bahis/futsal.html]
[www.1288bets10.com/tr/spor-bahisleri/canli-bahis/snooker.html]
[www.1288bets10.com/tr/spor-bahisleri.html]
[www.1288bets10.com/tr/spor-bahisleri/canli-bahis/index.html]
[www.1288bets10.com/tr/virtual-sports/tum-sanal-spor-bahisleri/sanal-super-lig.html]
[www.1288bets10.com/tr/casino.html]
[www.1288bets10.com/tr/canli-casino.html]
[www.1288bets10.com/tr/jackpotlar.html]
[www.1288bets10.com/tr/turk-pokeri.html]
[www.1288bets10.com/tr/pokeri.html]
[www.1288bets10.com/tr/casino/one-cikanlar/bets10-bonanza.html]
[www.1288bets10.com/tr/casino/slotlar/gates-of-bets10.html]
[www.1288bets10.com/tr/casino/slotlar/bets10-bon-bon.html]
[www.1288bets10.com/tr/casino/slotlar/bets10-seyyar.html]
[www.1288bets10.com/tr/casino/one-cikanlar/big-bass-bonanza.html]
[www.1288bets10.com/tr/casino/hemen-kazan/aviator.html]
[www.1288bets10.com/tr/canli-casino/canli-rulet.html]
[www.1288bets10.com/tr/canli-casino/canli-rulet/salon-bets-10-lobby.html]
[www.1288bets10.com/tr/canli-casino/diger-canli-casino-oyunlari.html]
[www.1288bets10.com/tr/spor-bahisleri/canli-bahis/kriket.html]
[www.1288bets10.com/tr/canli-casino/canli-bakara.html]
[www.1288bets10.com/tr/oyun-kurallari/canli-casino.html]
[www.1288bets10.com/tr/oyun-kurallari/sanal-sporlar.html]
[www.1288bets10.com/tr/virtual-sports.html]
[www.1288bets10.com/tr/sartlar-kosullar.html]
[www.1288bets10.com/tr/oyun-kurallari/spor-bahisleri.html]
[www.1288bets10.com/tr/casino/slotlar.html]
[www.1288bets10.com/tr/casino/masa-oyunlari.html]
[www.1288bets10.com/tr/poker/pokeri]
[www.1288bets10.com/tr/oyun-kurallari/casino.html]
[www.1288bets10.com/tr/canli-casino/canli-blackjack.html]
[www.1288bets10.com/tr/canli-casino/canli-poker.html]
[www.1288bets10.com/tr/pokeri/twister-turnuvalari.html]
[cdnroute.bpsgameserver.com/v3/bgr/Bets10/Common/neutral/image/2017/09/casino-lobby.rules.png]
[www.1288bets10.com/tr/oyun-kurallari/poker.html]
[cdnroute.bpsgameserver.com/v3/bgr/Bets10/Common/tr/image/2021/09/pokerrules.image1.png]
[www.1288bets10.com/tr/spor-bahisleri/futbol.html]
[www.1288bets10.com/tr/spor-bahisleri/futbolb6a0]
[www.1288bets10.com/tr/spor-bahisleri/basketbol.html]
[www.1288bets10.com/tr/spor-bahisleri/basketbolb6a0]
[www.1288bets10.com/tr/spor-bahisleri/tenis.html]
[www.1288bets10.com/tr/gizlilik-sozlesmesi.html]
[www.1288bets10.com/tr/cerez-politikasi.html]
[www.1288bets10.com/tr/sorumlu-oyun/information.html]
[www.1288bets10.com/tr/oyun-kurallari.html]
[www.1288bets10.com/tr/cerez-ayarlari.html]
[cdnroute.bpsgameserver.com/global-assets/fonts/poppins-semibold.woff2]
[www.1288bets10.com/en/index.html]
[www.1288bets10.com/en/login.html]
[www.1288bets10.com/en/open-accounte26c.html]
[www.1288bets10.com/en/sportsbook.html]
[www.1288bets10.com/en/sportsbook/live/football.html]
[www.1288bets10.com/en/virtual-sports/all-virtual-sports-games/virtual-super-league.html]
[www.1288bets10.com/en/live-casino.html]
[www.1288bets10.com/en/casino.html]
[www.1288bets10.com/en/jackpots.html]
[www.1288bets10.com/en/poker.html]
[www.1288bets10.com/en/casino/spotlight/bets10-bonanza.html]
[www.1288bets10.com/en/casino/slots/gates-of-bets10.html]
[www.1288bets10.com/en/casino/slots/bets10-bon-bon.html]
[www.1288bets10.com/en/casino/slots/bets10-seyyar.html]
[www.1288bets10.com/en/casino/spotlight/big-bass-bonanza.html]
[www.1288bets10.com/en/casino/slots/aviator.html]
[www.1288bets10.com/en/live-casino/live-roulette.html]
[www.1288bets10.com/en/live-casino/live-roulette/salon-bets-10-lobby.html]
[www.1288bets10.com/en/live-casino/live-games.html]
[www.1288bets10.com/en/live-casino/live-baccarat.html]
[www.1288bets10.com/en/terms-and-conditions.html]
[www.1288bets10.com/en/game-rules/sportsbook.html]
[www.1288bets10.com/en/casino/slots.html]
[www.1288bets10.com/en/casino/table-games.html]
[www.1288bets10.com/en/game-rules/casino.html]
[www.1288bets10.com/en/live-casino/live-blackjack.html]
[www.1288bets10.com/en/live-casino/live-poker.html]
[www.1288bets10.com/en/poker/tournaments-twister.html]
[www.1288bets10.com/en/game-rules/poker.html]
[www.1288bets10.com/en/sportsbook/football.html]
[www.1288bets10.com/en/sportsbook/basketball.html]
[www.1288bets10.com/en/sportsbook/tennis.html]
[www.1288bets10.com/en/privacy-policy.html]
[www.1288bets10.com/en/cookie-policy.html]
[www.1288bets10.com/en/responsible-gaming/information.html]
[www.1288bets10.com/en/ttps_/ibia.bet/index.html]
[www.1288bets10.com/en/game-rules.html]
[www.1288bets10.com/en/cookie-settings.html]
[www.1288bets10.com/tr456e.html]
[www.1288bets10.com/en456e.html]
[www.1288bets10.com/tr/spor-bahisleri/yakinda-baslayacak.html]
[www.1288bets10.com/tr/kampanyalar/bets10-milyon.html]
[www.1288bets10.com/tr/indexb724.html]
[www.1288bets10.com/tr/spor-bahisleri/ekstra-oran.html]
[www.1288bets10.com/tr/kampanyalar/liderlik-tablolari.html]
[www.1288bets10.com/tr/spor-bahisleri/ayarlar.html]
[www.1288bets10.com/tr/spor-bahisleri/futbol/sampiyonlar-ligi/sampiyonlar-ligi.html]
[www.1288bets10.com/tr/spor-bahisleri/futbol/uefa-avrupa-ligi/avrupa-ligi.html]
[www.1288bets10.com/tr/spor-bahisleri/masa-tenisi.html]
[www.1288bets10.com/tr/spor-bahisleri/voleybol.html]
[www.1288bets10.com/tr/spor-bahisleri/buz-hokeyi.html]
[www.1288bets10.com/tr/spor-bahisleri/amerikan-futbolu.html]
